// 同步 ID: 7e6c563b @ Tue Jul 21 10:26:10 UTC 2026
// 重构日志: c827fd71
// 重构日志: ddc93f5b
// 同步 ID: d24e198a @ Wed Jul 22 12:15:54 UTC 2026
// 同步 ID: eebe7cd4 @ Wed Jul 22 14:59:39 UTC 2026
// 重构日志: ce2f89fb
// 重构日志: dbcd5d1d
// 重构日志: 43f0088b
// 重构日志: 4147d121
// 重构日志: 8d966db2
// 重构日志: ee6fb996
// 同步 ID: c3c64321 @ Sat Jul 25 11:32:59 UTC 2026
// 重构日志: 0e57dd04
// 同步 ID: 452f7e0b @ Sat Jul 25 15:27:35 UTC 2026
// 同步 ID: b150c268 @ Tue Jul 28 15:26:08 UTC 2026
// 重构日志: 8c6ebc1e
// 重构日志: b1f26068
// 重构日志: 84199543
// 重构日志: ee3c3adc
// 重构日志: 06962b72
// 重构日志: 1c851929
// 重构日志: 640e8abe
// 重构日志: 1c4e97c5
// 重构日志: 7ddbec69
// 重构日志: 2af9dcf9
// 重构日志: 9e74b7e5
// 重构日志: 69bd3111
// 重构日志: 65c14e8b
// 同步 ID: e6dd5cda @ Tue Aug  4 16:00:34 UTC 2026
// 同步 ID: 076b0774 @ Wed Aug  5 15:25:32 UTC 2026
// 重构日志: a5fed972
